// Jest Snapshot v1, https://goo.gl/fbAQLP

exports[`Second should render correctly 1`] = `
<div>
  <h3>
    Task B
  </h3>
  <form>
    <label>
      Session ID:
      <input />
    </label>
    <button
      onClick={[Function]}
      type="button"
    >
      Observe
    </button>
  </form>
  <AnimationCanvas
    height={300}
    sprites={Array []}
    updateSprites={[Function]}
    width={1000}
  />
  <MatrixCanvas
    height={20}
    matrix={
      Array [
        Array [
          0,
        ],
      ]
    }
    palette={[Function]}
    width={1000}
  />
  <div />
  <ul />
</div>
`;
