// Jest Snapshot v1, https://goo.gl/fbAQLP

exports[`Zero should render correctly 1`] = `
<div>
  <h3>
    Task 0
  </h3>
  <ForwardRef
    className="justify-content-md-center"
    noGutters={false}
  >
    <Col
      lg={8}
      xs={12}
    >
      <Form
        inline={false}
      >
        <FormRow
          className="justify-content-md-center"
        >
          <Col
            xs={8}
          >
            <FormControl
              placeholder="Session ID"
            />
          </Col>
          <Col
            xs={4}
          >
            <Button
              active={false}
              disabled={false}
              onClick={[Function]}
              type="button"
              variant="primary"
            >
              Observe
            </Button>
          </Col>
        </FormRow>
      </Form>
    </Col>
  </ForwardRef>
  <ForwardRef
    noGutters={false}
  >
    <WSTable
      messages={Array []}
      sessionId=""
    />
  </ForwardRef>
</div>
`;
