// Jest Snapshot v1, https://goo.gl/fbAQLP

exports[`FirstA should render correctly 1`] = `
<div>
  <h3>
    Subtask A
  </h3>
  <form>
    <label>
      Width:
      <input
        onChange={[Function]}
        step={1}
        type="number"
        value={1}
      />
    </label>
    <label>
      Height:
      <input
        onChange={[Function]}
        step={1}
        type="number"
        value={1}
      />
    </label>
    <label>
      Noise level:
      <input
        onChange={[Function]}
        step={0.1}
        type="number"
        value={0}
      />
    </label>
    <button
      onClick={[Function]}
      type="button"
    >
      Next
    </button>
  </form>
  <MatrixCanvas
    height={500}
    matrix={
      Array [
        Array [
          0,
        ],
      ]
    }
    palette={
      Object {
        "0": "#FFFFFF",
        "1": "#000000",
      }
    }
    width={300}
  />
</div>
`;
