// Jest Snapshot v1, https://goo.gl/fbAQLP

exports[`App should render correctly 1`] = `
<BrowserRouter>
  <nav>
    <Link
      to="/"
    >
      Home
    </Link>
    <Link
      to="/first"
    >
      First
    </Link>
  </nav>
  <Switch>
    <Route
      component={[Function]}
      exact={true}
      path="/"
    />
    <Route
      component={[Function]}
      exact={true}
      path="/first"
    />
  </Switch>
</BrowserRouter>
`;
